// Jest Snapshot v1, https://goo.gl/fbAQLP

exports[`fetchData should return an object 1`] = `
Object {
  "author": "Alejandro Escamilla",
  "download_url": "https://picsum.photos/id/0/5616/3744",
  "height": 3744,
  "id": "0",
  "url": "https://unsplash.com/photos/yC-Yzbqy7PY",
  "width": 5616,
}
`;
